{
    "amplicon = true": {
        "content": [
            {
                "0": [
                    [
                        {
                            "id": "first",
                            "seed": 40,
                            "outdir": "art_illumina",
                            "datatype": "amplicon_illumina"
                        },
                        [
                            "first1.fq.gz:md5,4070b67c9df68abbb0774bda0c4091e4",
                            "first2.fq.gz:md5,1f5564908b3fdbbdc9d89be640f4d7d9"
                        ]
                    ],
                    [
                        {
                            "id": "second",
                            "seed": 41,
                            "outdir": "art_illumina",
                            "datatype": "amplicon_illumina"
                        },
                        [
                            "second1.fq.gz:md5,6a2d16db3e72c999cb8987a9bf1fea8a",
                            "second2.fq.gz:md5,1adcaee3f93687f36823ad83205cb5ac"
                        ]
                    ],
                    [
                        {
                            "id": "third",
                            "seed": 42,
                            "outdir": "art_illumina",
                            "datatype": "amplicon_illumina"
                        },
                        [
                            "third1.fq.gz:md5,8af34387fa0b3486dfd4b360b52b04b6",
                            "third2.fq.gz:md5,f2755dacd8e22b8f13178058bad184d8"
                        ]
                    ]
                ],
                "1": [
                    [
                        {
                            "id": "amplicon_illumina"
                        },
                        "amplicon_illumina_samplesheet.csv:md5,2f0440b621dd2de3c89cda85c81e5be7"
                    ]
                ],
                "samplesheet": [
                    [
                        {
                            "id": "amplicon_illumina"
                        },
                        "amplicon_illumina_samplesheet.csv:md5,2f0440b621dd2de3c89cda85c81e5be7"
                    ]
                ],
                "simulated_reads": [
                    [
                        {
                            "id": "first",
                            "seed": 40,
                            "outdir": "art_illumina",
                            "datatype": "amplicon_illumina"
                        },
                        [
                            "first1.fq.gz:md5,4070b67c9df68abbb0774bda0c4091e4",
                            "first2.fq.gz:md5,1f5564908b3fdbbdc9d89be640f4d7d9"
                        ]
                    ],
                    [
                        {
                            "id": "second",
                            "seed": 41,
                            "outdir": "art_illumina",
                            "datatype": "amplicon_illumina"
                        },
                        [
                            "second1.fq.gz:md5,6a2d16db3e72c999cb8987a9bf1fea8a",
                            "second2.fq.gz:md5,1adcaee3f93687f36823ad83205cb5ac"
                        ]
                    ],
                    [
                        {
                            "id": "third",
                            "seed": 42,
                            "outdir": "art_illumina",
                            "datatype": "amplicon_illumina"
                        },
                        [
                            "third1.fq.gz:md5,8af34387fa0b3486dfd4b360b52b04b6",
                            "third2.fq.gz:md5,f2755dacd8e22b8f13178058bad184d8"
                        ]
                    ]
                ]
            }
        ],
        "timestamp": "2024-01-19T00:02:50.960492121"
    }
}
